nabgdhvzkhtykklmmn
ns-pptstsqrsht
voyi
dhklmmtshshsh-sh-aaaa
a-b-g-d-h-v-z-ty-k-k-l-m
n-s-p-p-ts-q-r-sh-t-vob-k-p-al